// Vitest Snapshot v1, https://vitest.dev/guide/snapshot.html

exports[`Button Component > Match snapshoot 1`] = `
<DocumentFragment>
  <button
    class="button"
    type="submit"
  >
    Iniciar sesi√≥n
  </button>
</DocumentFragment>
`;
