// Vitest Snapshot v1, https://vitest.dev/guide/snapshot.html

exports[`AccountProvider > Match snapshoot 1`] = `<DocumentFragment />`;

exports[`Login Component > Match snapshoot 1`] = `
<DocumentFragment>
  <div
    class="login"
  >
    <form
      class="form"
      id="login-form"
    >
      <h2
        class="login__form-title"
      >
        Iniciar sesión
      </h2>
      <div
        class="login__input-group"
      >
        <label
          for="username"
        >
          Nombre de usuario:
        </label>
        <input
          id="username"
          name="username"
          placeholder="Nombre de usuario"
          required=""
          type="text"
        />
      </div>
      <div
        class="login__input-group"
      >
        <label
          for="password"
        >
          Contraseña:
        </label>
        <input
          id="password"
          name="password"
          placeholder="Contraseña"
          required=""
          type="password"
        />
      </div>
      <button
        type="submit"
      >
        Iniciar sesión
      </button>
      <p
        class="login__register-link"
      >
        ¿No tienes cuenta?
        <a
          href="/sign-up"
          id="register-link"
        >
          Regístrate aquí
        </a>
      </p>
    </form>
  </div>
</DocumentFragment>
`;
