// Vitest Snapshot v1, https://vitest.dev/guide/snapshot.html

exports[`AccountProvider > Match snapshoot 1`] = `<DocumentFragment />`;
